=> xbps-src: updating repositories for host (x86_64)...
[*] Updating repository `https://repo-default.voidlinux.org/current/bootstrap/x86_64-repodata' ...
[*] Updating repository `https://repo-default.voidlinux.org/current/x86_64-repodata' ...
[*] Updating repository `https://repo-default.voidlinux.org/current/nonfree/x86_64-repodata' ...
[*] Updating repository `https://repo-default.voidlinux.org/current/debug/x86_64-repodata' ...
[*] Updating repository `https://repo-default.voidlinux.org/current/multilib/bootstrap/x86_64-repodata' ...
[*] Updating repository `https://repo-default.voidlinux.org/current/multilib/x86_64-repodata' ...
[*] Updating repository `https://repo-default.voidlinux.org/current/multilib/nonfree/x86_64-repodata' ...
=> xbps-src: updating software in / masterdir...
=> xbps-src: cleaning up / masterdir...
=> hipcc-7.2.3_4: removing autodeps, please wait...
=> hipcc-7.2.3_4: building with [cmake] for x86_64...
   [host] cmake-4.2.2_2: found (https://repo-default.voidlinux.org/current)
   [host] ninja-1.13.2_2: found (https://repo-default.voidlinux.org/current)
   [host] pkg-config-0.29.2_3: found (https://repo-default.voidlinux.org/current)
   [host] python3-3.14.5_1: found (https://repo-default.voidlinux.org/current)
   [host] perl-5.42.2_1: found (https://repo-default.voidlinux.org/current)
   [host] cmake-bootstrap-4.1.2_1: found (https://repo-default.voidlinux.org/current/bootstrap)
   [host] ninja-1.13.2_2: found (https://repo-default.voidlinux.org/current)
   [target] rocm-llvm-7.2.3_1: found (/host/binpkgs)
   [runtime] hip-runtime-amd-7.2.3_1: found (/host/binpkgs)
   [runtime] rocm-llvm-7.2.3_1: found (/host/binpkgs)
=> hipcc-7.2.3_4: installing host dependencies: cmake-4.2.2_2 ninja-1.13.2_2 pkg-config-0.29.2_3 python3-3.14.5_1 perl-5.42.2_1 cmake-bootstrap-4.1.2_1 ninja-1.13.2_2 ...
=> hipcc-7.2.3_4: installing target dependencies: rocm-llvm-7.2.3_1 ...
=> hipcc-7.2.3_4: running do-fetch hook: 00-distfiles ...
=> hipcc-7.2.3_4: running do-extract hook: 00-distfiles ...
=> hipcc-7.2.3_4: extracting distfile(s), please wait...
=> hipcc-7.2.3_4: running do-patch hook: 00-patches ...
=> hipcc-7.2.3_4: running pre-configure hook: 00-gnu-configure-asneeded ...
=> hipcc-7.2.3_4: running pre-configure hook: 01-override-config ...
=> hipcc-7.2.3_4: running pre-configure hook: 02-script-wrapper ...
=> hipcc-7.2.3_4: running do_configure ...
-- The C compiler identification is GNU 14.2.1
-- The CXX compiler identification is GNU 14.2.1
-- Detecting C compiler ABI info
-- Detecting C compiler ABI info - done
-- Check for working C compiler: /usr/bin/cc - skipped
-- Detecting C compile features
-- Detecting C compile features - done
-- Detecting CXX compiler ABI info
-- Detecting CXX compiler ABI info - done
-- Check for working CXX compiler: /usr/bin/g++ - skipped
-- Detecting CXX compile features
-- Detecting CXX compile features - done
-- Configuring done (0.3s)
-- Generating done (0.0s)
-- Build files have been written to: /builddir/hipcc-7.2.3/amd/hipcc/build
=> hipcc-7.2.3_4: running pre-build hook: 02-script-wrapper ...
=> hipcc-7.2.3_4: running do_build ...
[1/9] cd /builddir/hipcc-7.2.3/amd/hipcc/build && /usr/bin/cmake -E create_symlink ../../bin/hipconfig.bat /builddir/hipcc-7.2.3/amd/hipcc/build/wrapper_dir/bin/hipconfig.bat
[2/9] cd /builddir/hipcc-7.2.3/amd/hipcc/build && /usr/bin/cmake -E create_symlink ../../bin/hipvars.pm /builddir/hipcc-7.2.3/amd/hipcc/build/wrapper_dir/bin/hipvars.pm
[3/9] cd /builddir/hipcc-7.2.3/amd/hipcc/build && /usr/bin/cmake -E create_symlink ../../bin/hipcc.bat /builddir/hipcc-7.2.3/amd/hipcc/build/wrapper_dir/bin/hipcc.bat
[4/9] Building CXX object CMakeFiles/hipcc.dir/src/utils.cpp.o
[5/9] Building CXX object CMakeFiles/hipconfig.dir/src/utils.cpp.o
[6/9] Building CXX object CMakeFiles/hipconfig.dir/src/hipconfig.cpp.o
In file included from /builddir/hipcc-7.2.3/amd/hipcc/src/hipBin_amd.h:26,
                 from /builddir/hipcc-7.2.3/amd/hipcc/src/hipBin.h:24,
                 from /builddir/hipcc-7.2.3/amd/hipcc/src/hipconfig.cpp:23:
/builddir/hipcc-7.2.3/amd/hipcc/src/hipBin_base.h: In member function 'void HipBinBase::getSystemInfo() const':
/builddir/hipcc-7.2.3/amd/hipcc/src/hipBin_base.h:393:11: warning: ignoring return value of 'int system(const char*)' declared with attribute 'warn_unused_result' [-Wunused-result]
  393 |     system("hostname");
      |     ~~~~~~^~~~~~~~~~~~
/builddir/hipcc-7.2.3/amd/hipcc/src/hipBin_base.h:394:11: warning: ignoring return value of 'int system(const char*)' declared with attribute 'warn_unused_result' [-Wunused-result]
  394 |     system("powershell -c \"Get-CIMInstance -query 'SELECT * FROM win32_VideoController' | "
      |     ~~~~~~^~~~~~~~~~~~~~~~~~~~~~~~~~~~~~~~~~~~~~~~~~~~~~~~~~~~~~~~~~~~~~~~~~~~~~~~~~~~~~~~~~
  395 |            "ft AdapterCompatibility,InstalledDisplayDrivers,Name | "
      |            ~~~~~~~~~~~~~~~~~~~~~~~~~~~~~~~~~~~~~~~~~~~~~~~~~~~~~~~~~
  396 |            "Out-String -Width 1000 | findstr /B /C:'Advanced Micro Devices'\"");
      |            ~~~~~~~~~~~~~~~~~~~~~~~~~~~~~~~~~~~~~~~~~~~~~~~~~~~~~~~~~~~~~~~~~~~~
/builddir/hipcc-7.2.3/amd/hipcc/src/hipBin_base.h:401:11: warning: ignoring return value of 'int system(const char*)' declared with attribute 'warn_unused_result' [-Wunused-result]
  401 |     system("hostname");
      |     ~~~~~~^~~~~~~~~~~~
/builddir/hipcc-7.2.3/amd/hipcc/src/hipBin_base.h:402:11: warning: ignoring return value of 'int system(const char*)' declared with attribute 'warn_unused_result' [-Wunused-result]
  402 |     system("uname -a");
      |     ~~~~~~^~~~~~~~~~~~
/builddir/hipcc-7.2.3/amd/hipcc/src/hipBin_base.h: In member function 'void HipBinBase::printEnvironmentVariables() const':
/builddir/hipcc-7.2.3/amd/hipcc/src/hipBin_base.h:411:11: warning: ignoring return value of 'int system(const char*)' declared with attribute 'warn_unused_result' [-Wunused-result]
  411 |     system("set | findstr"
      |     ~~~~~~^~~~~~~~~~~~~~~~
  412 |     " /B /C:\"HIP\" /C:\"HSA\" /C:\"CUDA\" /C:\"LD_LIBRARY_PATH\"");
      |     ~~~~~~~~~~~~~~~~~~~~~~~~~~~~~~~~~~~~~~~~~~~~~~~~~~~~~~~~~~~~~~~
/builddir/hipcc-7.2.3/amd/hipcc/src/hipBin_base.h:416:11: warning: ignoring return value of 'int system(const char*)' declared with attribute 'warn_unused_result' [-Wunused-result]
  416 |     system(cmd.c_str());
      |     ~~~~~~^~~~~~~~~~~~~
/builddir/hipcc-7.2.3/amd/hipcc/src/hipBin_base.h:417:11: warning: ignoring return value of 'int system(const char*)' declared with attribute 'warn_unused_result' [-Wunused-result]
  417 |     system("env | egrep '^HIP|^HSA|^CUDA|^LD_LIBRARY_PATH'");
      |     ~~~~~~^~~~~~~~~~~~~~~~~~~~~~~~~~~~~~~~~~~~~~~~~~~~~~~~~~
/builddir/hipcc-7.2.3/amd/hipcc/src/hipBin_amd.h: In member function 'virtual void HipBinAmd::printCompilerInfo() const':
/builddir/hipcc-7.2.3/amd/hipcc/src/hipBin_amd.h:231:11: warning: ignoring return value of 'int system(const char*)' declared with attribute 'warn_unused_result' [-Wunused-result]
  231 |     system(cmd.c_str());  // hipclang version
      |     ~~~~~~^~~~~~~~~~~~~
/builddir/hipcc-7.2.3/amd/hipcc/src/hipBin_amd.h:234:11: warning: ignoring return value of 'int system(const char*)' declared with attribute 'warn_unused_result' [-Wunused-result]
  234 |     system(cmd.c_str());  // llc version
      |     ~~~~~~^~~~~~~~~~~~~
/builddir/hipcc-7.2.3/amd/hipcc/src/hipBin_amd.h:237:11: warning: ignoring return value of 'int system(const char*)' declared with attribute 'warn_unused_result' [-Wunused-result]
  237 |     system(cmd.c_str());  // cxx flags
      |     ~~~~~~^~~~~~~~~~~~~
/builddir/hipcc-7.2.3/amd/hipcc/src/hipBin_amd.h:240:11: warning: ignoring return value of 'int system(const char*)' declared with attribute 'warn_unused_result' [-Wunused-result]
  240 |     system(cmd.c_str());  // ld flags
      |     ~~~~~~^~~~~~~~~~~~~
/builddir/hipcc-7.2.3/amd/hipcc/src/hipBin_amd.h:244:11: warning: ignoring return value of 'int system(const char*)' declared with attribute 'warn_unused_result' [-Wunused-result]
  244 |     system(cmd.c_str());  // hipclang version
      |     ~~~~~~^~~~~~~~~~~~~
/builddir/hipcc-7.2.3/amd/hipcc/src/hipBin_amd.h:246:11: warning: ignoring return value of 'int system(const char*)' declared with attribute 'warn_unused_result' [-Wunused-result]
  246 |     system(cmd.c_str());  // llc version
      |     ~~~~~~^~~~~~~~~~~~~
/builddir/hipcc-7.2.3/amd/hipcc/src/hipBin_amd.h:249:11: warning: ignoring return value of 'int system(const char*)' declared with attribute 'warn_unused_result' [-Wunused-result]
  249 |     system(cmd.c_str());  // cxx flags
      |     ~~~~~~^~~~~~~~~~~~~
/builddir/hipcc-7.2.3/amd/hipcc/src/hipBin_amd.h:252:11: warning: ignoring return value of 'int system(const char*)' declared with attribute 'warn_unused_result' [-Wunused-result]
  252 |     system(cmd.c_str());  // ldflags version
      |     ~~~~~~^~~~~~~~~~~~~
/builddir/hipcc-7.2.3/amd/hipcc/src/hipBin_amd.h: In member function 'virtual void HipBinAmd::printFull()':
/builddir/hipcc-7.2.3/amd/hipcc/src/hipBin_amd.h:452:11: warning: ignoring return value of 'int system(const char*)' declared with attribute 'warn_unused_result' [-Wunused-result]
  452 |     system("/usr/bin/lsb_release -a");
      |     ~~~~~~^~~~~~~~~~~~~~~~~~~~~~~~~~~
In file included from /builddir/hipcc-7.2.3/amd/hipcc/src/hipBin.h:25:
/builddir/hipcc-7.2.3/amd/hipcc/src/hipBin_nvidia.h: In member function 'virtual void HipBinNvidia::printFull()':
/builddir/hipcc-7.2.3/amd/hipcc/src/hipBin_nvidia.h:166:11: warning: ignoring return value of 'int system(const char*)' declared with attribute 'warn_unused_result' [-Wunused-result]
  166 |     system("/usr/bin/lsb_release -a");
      |     ~~~~~~^~~~~~~~~~~~~~~~~~~~~~~~~~~
/builddir/hipcc-7.2.3/amd/hipcc/src/hipBin_nvidia.h: In member function 'virtual void HipBinNvidia::printCompilerInfo() const':
/builddir/hipcc-7.2.3/amd/hipcc/src/hipBin_nvidia.h:264:9: warning: ignoring return value of 'int system(const char*)' declared with attribute 'warn_unused_result' [-Wunused-result]
  264 |   system(cmd.c_str());
      |   ~~~~~~^~~~~~~~~~~~~
/builddir/hipcc-7.2.3/amd/hipcc/src/hipBin_nvidia.h: In member function 'virtual std::string HipBinNvidia::getCompilerVersion()':
/builddir/hipcc-7.2.3/amd/hipcc/src/hipBin_nvidia.h:277:9: warning: ignoring return value of 'int system(const char*)' declared with attribute 'warn_unused_result' [-Wunused-result]
  277 |   system(cmd.c_str());
      |   ~~~~~~^~~~~~~~~~~~~
/builddir/hipcc-7.2.3/amd/hipcc/src/hipBin_nvidia.h: In member function 'virtual void HipBinNvidia::executeHipCCCmd(std::vector<std::__cxx11::basic_string<char> >)':
/builddir/hipcc-7.2.3/amd/hipcc/src/hipBin_nvidia.h:398:11: warning: ignoring return value of 'int system(const char*)' declared with attribute 'warn_unused_result' [-Wunused-result]
  398 |     system(ISACMD.c_str());
      |     ~~~~~~^~~~~~~~~~~~~~~~
[7/9] Building CXX object CMakeFiles/hipcc.dir/src/hipcc.cpp.o
In file included from /builddir/hipcc-7.2.3/amd/hipcc/src/hipBin_amd.h:26,
                 from /builddir/hipcc-7.2.3/amd/hipcc/src/hipBin.h:24,
                 from /builddir/hipcc-7.2.3/amd/hipcc/src/hipcc.cpp:23:
/builddir/hipcc-7.2.3/amd/hipcc/src/hipBin_base.h: In member function 'void HipBinBase::getSystemInfo() const':
/builddir/hipcc-7.2.3/amd/hipcc/src/hipBin_base.h:393:11: warning: ignoring return value of 'int system(const char*)' declared with attribute 'warn_unused_result' [-Wunused-result]
  393 |     system("hostname");
      |     ~~~~~~^~~~~~~~~~~~
/builddir/hipcc-7.2.3/amd/hipcc/src/hipBin_base.h:394:11: warning: ignoring return value of 'int system(const char*)' declared with attribute 'warn_unused_result' [-Wunused-result]
  394 |     system("powershell -c \"Get-CIMInstance -query 'SELECT * FROM win32_VideoController' | "
      |     ~~~~~~^~~~~~~~~~~~~~~~~~~~~~~~~~~~~~~~~~~~~~~~~~~~~~~~~~~~~~~~~~~~~~~~~~~~~~~~~~~~~~~~~~
  395 |            "ft AdapterCompatibility,InstalledDisplayDrivers,Name | "
      |            ~~~~~~~~~~~~~~~~~~~~~~~~~~~~~~~~~~~~~~~~~~~~~~~~~~~~~~~~~
  396 |            "Out-String -Width 1000 | findstr /B /C:'Advanced Micro Devices'\"");
      |            ~~~~~~~~~~~~~~~~~~~~~~~~~~~~~~~~~~~~~~~~~~~~~~~~~~~~~~~~~~~~~~~~~~~~
/builddir/hipcc-7.2.3/amd/hipcc/src/hipBin_base.h:401:11: warning: ignoring return value of 'int system(const char*)' declared with attribute 'warn_unused_result' [-Wunused-result]
  401 |     system("hostname");
      |     ~~~~~~^~~~~~~~~~~~
/builddir/hipcc-7.2.3/amd/hipcc/src/hipBin_base.h:402:11: warning: ignoring return value of 'int system(const char*)' declared with attribute 'warn_unused_result' [-Wunused-result]
  402 |     system("uname -a");
      |     ~~~~~~^~~~~~~~~~~~
/builddir/hipcc-7.2.3/amd/hipcc/src/hipBin_base.h: In member function 'void HipBinBase::printEnvironmentVariables() const':
/builddir/hipcc-7.2.3/amd/hipcc/src/hipBin_base.h:411:11: warning: ignoring return value of 'int system(const char*)' declared with attribute 'warn_unused_result' [-Wunused-result]
  411 |     system("set | findstr"
      |     ~~~~~~^~~~~~~~~~~~~~~~
  412 |     " /B /C:\"HIP\" /C:\"HSA\" /C:\"CUDA\" /C:\"LD_LIBRARY_PATH\"");
      |     ~~~~~~~~~~~~~~~~~~~~~~~~~~~~~~~~~~~~~~~~~~~~~~~~~~~~~~~~~~~~~~~
/builddir/hipcc-7.2.3/amd/hipcc/src/hipBin_base.h:416:11: warning: ignoring return value of 'int system(const char*)' declared with attribute 'warn_unused_result' [-Wunused-result]
  416 |     system(cmd.c_str());
      |     ~~~~~~^~~~~~~~~~~~~
/builddir/hipcc-7.2.3/amd/hipcc/src/hipBin_base.h:417:11: warning: ignoring return value of 'int system(const char*)' declared with attribute 'warn_unused_result' [-Wunused-result]
  417 |     system("env | egrep '^HIP|^HSA|^CUDA|^LD_LIBRARY_PATH'");
      |     ~~~~~~^~~~~~~~~~~~~~~~~~~~~~~~~~~~~~~~~~~~~~~~~~~~~~~~~~
/builddir/hipcc-7.2.3/amd/hipcc/src/hipBin_amd.h: In member function 'virtual void HipBinAmd::printCompilerInfo() const':
/builddir/hipcc-7.2.3/amd/hipcc/src/hipBin_amd.h:231:11: warning: ignoring return value of 'int system(const char*)' declared with attribute 'warn_unused_result' [-Wunused-result]
  231 |     system(cmd.c_str());  // hipclang version
      |     ~~~~~~^~~~~~~~~~~~~
/builddir/hipcc-7.2.3/amd/hipcc/src/hipBin_amd.h:234:11: warning: ignoring return value of 'int system(const char*)' declared with attribute 'warn_unused_result' [-Wunused-result]
  234 |     system(cmd.c_str());  // llc version
      |     ~~~~~~^~~~~~~~~~~~~
/builddir/hipcc-7.2.3/amd/hipcc/src/hipBin_amd.h:237:11: warning: ignoring return value of 'int system(const char*)' declared with attribute 'warn_unused_result' [-Wunused-result]
  237 |     system(cmd.c_str());  // cxx flags
      |     ~~~~~~^~~~~~~~~~~~~
/builddir/hipcc-7.2.3/amd/hipcc/src/hipBin_amd.h:240:11: warning: ignoring return value of 'int system(const char*)' declared with attribute 'warn_unused_result' [-Wunused-result]
  240 |     system(cmd.c_str());  // ld flags
      |     ~~~~~~^~~~~~~~~~~~~
/builddir/hipcc-7.2.3/amd/hipcc/src/hipBin_amd.h:244:11: warning: ignoring return value of 'int system(const char*)' declared with attribute 'warn_unused_result' [-Wunused-result]
  244 |     system(cmd.c_str());  // hipclang version
      |     ~~~~~~^~~~~~~~~~~~~
/builddir/hipcc-7.2.3/amd/hipcc/src/hipBin_amd.h:246:11: warning: ignoring return value of 'int system(const char*)' declared with attribute 'warn_unused_result' [-Wunused-result]
  246 |     system(cmd.c_str());  // llc version
      |     ~~~~~~^~~~~~~~~~~~~
/builddir/hipcc-7.2.3/amd/hipcc/src/hipBin_amd.h:249:11: warning: ignoring return value of 'int system(const char*)' declared with attribute 'warn_unused_result' [-Wunused-result]
  249 |     system(cmd.c_str());  // cxx flags
      |     ~~~~~~^~~~~~~~~~~~~
/builddir/hipcc-7.2.3/amd/hipcc/src/hipBin_amd.h:252:11: warning: ignoring return value of 'int system(const char*)' declared with attribute 'warn_unused_result' [-Wunused-result]
  252 |     system(cmd.c_str());  // ldflags version
      |     ~~~~~~^~~~~~~~~~~~~
/builddir/hipcc-7.2.3/amd/hipcc/src/hipBin_amd.h: In member function 'virtual void HipBinAmd::printFull()':
/builddir/hipcc-7.2.3/amd/hipcc/src/hipBin_amd.h:452:11: warning: ignoring return value of 'int system(const char*)' declared with attribute 'warn_unused_result' [-Wunused-result]
  452 |     system("/usr/bin/lsb_release -a");
      |     ~~~~~~^~~~~~~~~~~~~~~~~~~~~~~~~~~
In file included from /builddir/hipcc-7.2.3/amd/hipcc/src/hipBin.h:25:
/builddir/hipcc-7.2.3/amd/hipcc/src/hipBin_nvidia.h: In member function 'virtual void HipBinNvidia::printFull()':
/builddir/hipcc-7.2.3/amd/hipcc/src/hipBin_nvidia.h:166:11: warning: ignoring return value of 'int system(const char*)' declared with attribute 'warn_unused_result' [-Wunused-result]
  166 |     system("/usr/bin/lsb_release -a");
      |     ~~~~~~^~~~~~~~~~~~~~~~~~~~~~~~~~~
/builddir/hipcc-7.2.3/amd/hipcc/src/hipBin_nvidia.h: In member function 'virtual void HipBinNvidia::printCompilerInfo() const':
/builddir/hipcc-7.2.3/amd/hipcc/src/hipBin_nvidia.h:264:9: warning: ignoring return value of 'int system(const char*)' declared with attribute 'warn_unused_result' [-Wunused-result]
  264 |   system(cmd.c_str());
      |   ~~~~~~^~~~~~~~~~~~~
/builddir/hipcc-7.2.3/amd/hipcc/src/hipBin_nvidia.h: In member function 'virtual std::string HipBinNvidia::getCompilerVersion()':
/builddir/hipcc-7.2.3/amd/hipcc/src/hipBin_nvidia.h:277:9: warning: ignoring return value of 'int system(const char*)' declared with attribute 'warn_unused_result' [-Wunused-result]
  277 |   system(cmd.c_str());
      |   ~~~~~~^~~~~~~~~~~~~
/builddir/hipcc-7.2.3/amd/hipcc/src/hipBin_nvidia.h: In member function 'virtual void HipBinNvidia::executeHipCCCmd(std::vector<std::__cxx11::basic_string<char> >)':
/builddir/hipcc-7.2.3/amd/hipcc/src/hipBin_nvidia.h:398:11: warning: ignoring return value of 'int system(const char*)' declared with attribute 'warn_unused_result' [-Wunused-result]
  398 |     system(ISACMD.c_str());
      |     ~~~~~~^~~~~~~~~~~~~~~~
[8/9] Linking CXX executable hipconfig
[9/9] Linking CXX executable hipcc
=> hipcc-7.2.3_4: skipping check (XBPS_CHECK_PKGS is disabled) ...
=> hipcc-7.2.3_4: running pre-install hook: 00-libdir ...
=> hipcc-7.2.3_4: running pre-install hook: 02-script-wrapper ...
=> hipcc-7.2.3_4: running pre-install hook: 98-fixup-gir-path ...
=> hipcc-7.2.3_4: running do_install ...
[1/4] cd /builddir/hipcc-7.2.3/amd/hipcc/build && /usr/bin/cmake -E create_symlink ../../bin/hipvars.pm /builddir/hipcc-7.2.3/amd/hipcc/build/wrapper_dir/bin/hipvars.pm
[2/4] cd /builddir/hipcc-7.2.3/amd/hipcc/build && /usr/bin/cmake -E create_symlink ../../bin/hipconfig.bat /builddir/hipcc-7.2.3/amd/hipcc/build/wrapper_dir/bin/hipconfig.bat
[3/4] cd /builddir/hipcc-7.2.3/amd/hipcc/build && /usr/bin/cmake -E create_symlink ../../bin/hipcc.bat /builddir/hipcc-7.2.3/amd/hipcc/build/wrapper_dir/bin/hipcc.bat
[3/4] Install the project...
-- Install configuration: "Release"
-- Installing: /destdir/hipcc-7.2.3/usr/bin/hipvars.pm
-- Up-to-date: /destdir/hipcc-7.2.3/usr/bin/hipvars.pm
-- Installing: /destdir/hipcc-7.2.3/usr/share/doc/hipcc/LICENSE.txt
-- Installing: /destdir/hipcc-7.2.3/usr/share/doc/hipcc/README.md
-- Installing: /destdir/hipcc-7.2.3/usr/bin/hipcc
-- Installing: /destdir/hipcc-7.2.3/usr/bin/hipconfig
-- Up-to-date: /destdir/hipcc-7.2.3/usr/share/doc/hipcc/LICENSE.txt
-- Up-to-date: /destdir/hipcc-7.2.3/usr/share/doc/hipcc/README.md
-- Up-to-date: /destdir/hipcc-7.2.3/usr/bin/hipcc
-- Up-to-date: /destdir/hipcc-7.2.3/usr/bin/hipconfig
-- Installing: /destdir/hipcc-7.2.3/usr/hip/bin
-- Installing: /destdir/hipcc-7.2.3/usr/hip/bin/hipvars.pm
-- Installing: /destdir/hipcc-7.2.3/usr/hip/bin/hipconfig.bat
-- Installing: /destdir/hipcc-7.2.3/usr/hip/bin/hipcc.bat
=> hipcc-7.2.3_4: running post_install ...
=> hipcc-7.2.3_4: running post-install hook: 00-compress-info-files ...
=> hipcc-7.2.3_4: running post-install hook: 00-fixup-gir-path ...
=> hipcc-7.2.3_4: running post-install hook: 00-libdir ...
=> hipcc-7.2.3_4: running post-install hook: 00-uncompress-manpages ...
=> hipcc-7.2.3_4: running post-install hook: 01-remove-misc ...
=> hipcc-7.2.3_4: running post-install hook: 02-remove-libtool-archives ...
=> hipcc-7.2.3_4: running post-install hook: 02-remove-perl-files ...
=> hipcc-7.2.3_4: running post-install hook: 02-remove-python-bytecode-files ...
=> hipcc-7.2.3_4: running post-install hook: 03-remove-empty-dirs ...
=> WARNING: hipcc-7.2.3_4: removed empty dir: /usr/lib
=> hipcc-7.2.3_4: running post-install hook: 04-create-xbps-metadata-scripts ...
=> hipcc-7.2.3_4: running post-install hook: 05-generate-gitrevs ...
=> hipcc-7.2.3_4: running post-install hook: 06-strip-and-debug-pkgs ...
   Stripped position-independent executable: /usr/bin/hipcc.bin
   Stripped position-independent executable: /usr/bin/hipconfig.bin
=> hipcc-7.2.3_4: running post-install hook: 10-pkglint-devel-paths ...
=> hipcc-7.2.3_4: running post-install hook: 11-pkglint-elf-in-usrshare ...
=> hipcc-7.2.3_4: running post-install hook: 12-rename-python3-c-bindings ...
=> hipcc-7.2.3_4: running post-install hook: 13-pkg-config-clean-xbps-cross-base-ref ...
=> hipcc-7.2.3_4: running post-install hook: 14-fix-permissions ...
=> hipcc-7.2.3_4: running post-install hook: 15-qt-private-api ...
=> hipcc-7.2.3_4: running post-install hook: 80-prepare-32bit ...
=> hipcc-7.2.3_4: running post-install hook: 98-shlib-provides ...
=> hipcc-7.2.3_4: running post-install hook: 99-pkglint-warn-cross-cruft ...
=> hipcc-7.2.3_4: running pre-pkg hook: 03-restrict-py3-version ...
=> hipcc-7.2.3_4: running pre-pkg hook: 03-rewrite-python-shebang ...
=> hipcc-7.2.3_4: running pre-pkg hook: 04-generate-provides ...
   cmd:hipcc-7.2.3_4 cmd:hipcc.bin-7.2.3_4 cmd:hipconfig-7.2.3_4 cmd:hipconfig.bin-7.2.3_4 cmd:hipvars.pm-7.2.3_4
=> hipcc-7.2.3_4: running pre-pkg hook: 04-generate-runtime-deps ...
   SONAME: libc.so.6 <-> glibc>=2.41_1
   SONAME: libgcc_s.so.1 <-> libgcc>=4.4.0_1
   SONAME: libstdc++.so.6 <-> libstdc++>=4.4.0_1
=> hipcc-7.2.3_4: running pre-pkg hook: 05-generate-32bit-runtime-deps ...
=> hipcc-7.2.3_4: running pre-pkg hook: 06-verify-python-deps ...
=> hipcc-7.2.3_4: running pre-pkg hook: 90-set-timestamps ...
=> hipcc-7.2.3_4: setting mtimes to Tue May 26 08:11:59 PM UTC 2026
=> hipcc-7.2.3_4: running pre-pkg hook: 99-pkglint-subpkgs ...
=> hipcc-7.2.3_4: running pre-pkg hook: 99-pkglint ...
=> hipcc-7.2.3_4: running pre-pkg hook: 999-collected-rdeps ...
   hip-runtime-amd>=0 rocm-llvm>=0 glibc>=2.41_1 libgcc>=4.4.0_1 libstdc++>=4.4.0_1 
=> hipcc-7.2.3_4: running do-pkg hook: 00-gen-pkg ...
=> Creating hipcc-7.2.3_4.x86_64.xbps for repository /host/binpkgs ...
=> hipcc-7.2.3_4: running post-pkg hook: 00-register-pkg ...
=> Registering new packages to /host/binpkgs
index: added `hipcc-7.2.3_4' (x86_64).
index: 9 packages registered.
=> hipcc-7.2.3_4: removing autodeps, please wait...
=> hipcc-7.2.3_4: cleaning build directory...
=> hipcc: removing files from destdir...
