=> xbps-src: updating repositories for host (x86_64)...
[*] Updating repository `https://repo-default.voidlinux.org/current/bootstrap/x86_64-repodata' ...
[*] Updating repository `https://repo-default.voidlinux.org/current/x86_64-repodata' ...
[*] Updating repository `https://repo-default.voidlinux.org/current/nonfree/x86_64-repodata' ...
[*] Updating repository `https://repo-default.voidlinux.org/current/debug/x86_64-repodata' ...
[*] Updating repository `https://repo-default.voidlinux.org/current/multilib/bootstrap/x86_64-repodata' ...
[*] Updating repository `https://repo-default.voidlinux.org/current/multilib/x86_64-repodata' ...
[*] Updating repository `https://repo-default.voidlinux.org/current/multilib/nonfree/x86_64-repodata' ...
=> xbps-src: updating software in / masterdir...
=> xbps-src: cleaning up / masterdir...
=> rocm-cmake-7.2.3_1: removing autodeps, please wait...
=> rocm-cmake-7.2.3_1: building with [cmake] for x86_64...
   [host] cmake-4.2.2_2: found (https://repo-default.voidlinux.org/current)
   [host] ninja-1.13.2_2: found (https://repo-default.voidlinux.org/current)
   [host] cmake-bootstrap-4.1.2_1: found (https://repo-default.voidlinux.org/current/bootstrap)
   [host] ninja-1.13.2_2: found (https://repo-default.voidlinux.org/current)
=> rocm-cmake-7.2.3_1: installing host dependencies: cmake-4.2.2_2 ninja-1.13.2_2 cmake-bootstrap-4.1.2_1 ninja-1.13.2_2 ...
=> rocm-cmake-7.2.3_1: running do-fetch hook: 00-distfiles ...
=> rocm-cmake-7.2.3_1: running do-extract hook: 00-distfiles ...
=> rocm-cmake-7.2.3_1: extracting distfile(s), please wait...
=> rocm-cmake-7.2.3_1: running do-patch hook: 00-patches ...
=> rocm-cmake-7.2.3_1: running pre-configure hook: 00-gnu-configure-asneeded ...
=> rocm-cmake-7.2.3_1: running pre-configure hook: 01-override-config ...
=> rocm-cmake-7.2.3_1: running pre-configure hook: 02-script-wrapper ...
=> rocm-cmake-7.2.3_1: running do_configure ...
-- rocm-cmake: Set license file to /builddir/rocm-cmake-7.2.3/LICENSE.
-- Configuring done (0.0s)
-- Generating done (0.0s)
CMake Warning:
  Manually-specified variables were not used by the project:

    BUILD_TESTING


-- Build files have been written to: /builddir/rocm-cmake-7.2.3/build
=> rocm-cmake-7.2.3_1: running pre-build hook: 02-script-wrapper ...
=> rocm-cmake-7.2.3_1: running do_build ...
[0/2] Re-checking globbed directories...
ninja: no work to do.
=> rocm-cmake-7.2.3_1: skipping check (XBPS_CHECK_PKGS is disabled) ...
=> rocm-cmake-7.2.3_1: running pre-install hook: 00-libdir ...
=> rocm-cmake-7.2.3_1: running pre-install hook: 02-script-wrapper ...
=> rocm-cmake-7.2.3_1: running pre-install hook: 98-fixup-gir-path ...
=> rocm-cmake-7.2.3_1: running do_install ...
[0/2] Re-checking globbed directories...
[0/2] Install the project...
-- Install configuration: "None"
-- Installing: /destdir/rocm-cmake-7.2.3/usr/./share
-- Installing: /destdir/rocm-cmake-7.2.3/usr/./share/rocm
-- Installing: /destdir/rocm-cmake-7.2.3/usr/./share/rocm/cmake
-- Installing: /destdir/rocm-cmake-7.2.3/usr/./share/rocm/cmake/ROCMConfig.cmake
-- Installing: /destdir/rocm-cmake-7.2.3/usr/./share/rocm/cmake/ROCMConfigVersion.cmake
-- Installing: /destdir/rocm-cmake-7.2.3/usr/./share/rocmcmakebuildtools
-- Installing: /destdir/rocm-cmake-7.2.3/usr/./share/rocmcmakebuildtools/cmake
-- Installing: /destdir/rocm-cmake-7.2.3/usr/./share/rocmcmakebuildtools/cmake/ROCMAnalyzers.cmake
-- Installing: /destdir/rocm-cmake-7.2.3/usr/./share/rocmcmakebuildtools/cmake/ROCMCheckTargetIds.cmake
-- Installing: /destdir/rocm-cmake-7.2.3/usr/./share/rocmcmakebuildtools/cmake/ROCMChecks.cmake
-- Installing: /destdir/rocm-cmake-7.2.3/usr/./share/rocmcmakebuildtools/cmake/ROCMClangTidy.cmake
-- Installing: /destdir/rocm-cmake-7.2.3/usr/./share/rocmcmakebuildtools/cmake/ROCMClients.cmake
-- Installing: /destdir/rocm-cmake-7.2.3/usr/./share/rocmcmakebuildtools/cmake/ROCMCppCheck.cmake
-- Installing: /destdir/rocm-cmake-7.2.3/usr/./share/rocmcmakebuildtools/cmake/ROCMCreatePackage.cmake
-- Installing: /destdir/rocm-cmake-7.2.3/usr/./share/rocmcmakebuildtools/cmake/ROCMDocs.cmake
-- Installing: /destdir/rocm-cmake-7.2.3/usr/./share/rocmcmakebuildtools/cmake/ROCMDoxygenDoc.cmake
-- Installing: /destdir/rocm-cmake-7.2.3/usr/./share/rocmcmakebuildtools/cmake/ROCMHeaderWrapper.cmake
-- Installing: /destdir/rocm-cmake-7.2.3/usr/./share/rocmcmakebuildtools/cmake/ROCMInstallSymlinks.cmake
-- Installing: /destdir/rocm-cmake-7.2.3/usr/./share/rocmcmakebuildtools/cmake/ROCMInstallTargets.cmake
-- Installing: /destdir/rocm-cmake-7.2.3/usr/./share/rocmcmakebuildtools/cmake/ROCMPackageConfigHelpers.cmake
-- Installing: /destdir/rocm-cmake-7.2.3/usr/./share/rocmcmakebuildtools/cmake/ROCMProperty.cmake
-- Installing: /destdir/rocm-cmake-7.2.3/usr/./share/rocmcmakebuildtools/cmake/ROCMSetupVersion.cmake
-- Installing: /destdir/rocm-cmake-7.2.3/usr/./share/rocmcmakebuildtools/cmake/ROCMSphinxDoc.cmake
-- Installing: /destdir/rocm-cmake-7.2.3/usr/./share/rocmcmakebuildtools/cmake/ROCMTest.cmake
-- Installing: /destdir/rocm-cmake-7.2.3/usr/./share/rocmcmakebuildtools/cmake/ROCMUtilities.cmake
-- Installing: /destdir/rocm-cmake-7.2.3/usr/./share/rocmcmakebuildtools/cmake/ROCmCMakeBuildToolsConfig.cmake
-- Installing: /destdir/rocm-cmake-7.2.3/usr/./share/rocmcmakebuildtools/cmake/header_template.h.in
-- Installing: /destdir/rocm-cmake-7.2.3/usr/share/rocmcmakebuildtools/cmake/ROCmCMakeBuildToolsConfigVersion.cmake
-- Installing: /destdir/rocm-cmake-7.2.3/usr/share/doc/rocm-cmake/LICENSE
=> rocm-cmake-7.2.3_1: running post-install hook: 00-compress-info-files ...
=> rocm-cmake-7.2.3_1: running post-install hook: 00-fixup-gir-path ...
=> rocm-cmake-7.2.3_1: running post-install hook: 00-libdir ...
=> rocm-cmake-7.2.3_1: running post-install hook: 00-uncompress-manpages ...
=> rocm-cmake-7.2.3_1: running post-install hook: 01-remove-misc ...
=> rocm-cmake-7.2.3_1: running post-install hook: 02-remove-libtool-archives ...
=> rocm-cmake-7.2.3_1: running post-install hook: 02-remove-perl-files ...
=> rocm-cmake-7.2.3_1: running post-install hook: 02-remove-python-bytecode-files ...
=> rocm-cmake-7.2.3_1: running post-install hook: 03-remove-empty-dirs ...
=> WARNING: rocm-cmake-7.2.3_1: removed empty dir: /usr/lib
=> rocm-cmake-7.2.3_1: running post-install hook: 04-create-xbps-metadata-scripts ...
=> rocm-cmake-7.2.3_1: running post-install hook: 05-generate-gitrevs ...
=> rocm-cmake-7.2.3_1: running post-install hook: 06-strip-and-debug-pkgs ...
=> rocm-cmake-7.2.3_1: running post-install hook: 10-pkglint-devel-paths ...
=> rocm-cmake-7.2.3_1: running post-install hook: 11-pkglint-elf-in-usrshare ...
=> rocm-cmake-7.2.3_1: running post-install hook: 12-rename-python3-c-bindings ...
=> rocm-cmake-7.2.3_1: running post-install hook: 13-pkg-config-clean-xbps-cross-base-ref ...
=> rocm-cmake-7.2.3_1: running post-install hook: 14-fix-permissions ...
=> rocm-cmake-7.2.3_1: running post-install hook: 15-qt-private-api ...
=> rocm-cmake-7.2.3_1: running post-install hook: 80-prepare-32bit ...
=> rocm-cmake-7.2.3_1: running post-install hook: 98-shlib-provides ...
=> rocm-cmake-7.2.3_1: running post-install hook: 99-pkglint-warn-cross-cruft ...
=> rocm-cmake-7.2.3_1: running pre-pkg hook: 03-restrict-py3-version ...
=> rocm-cmake-7.2.3_1: running pre-pkg hook: 03-rewrite-python-shebang ...
=> rocm-cmake-7.2.3_1: running pre-pkg hook: 04-generate-provides ...
=> rocm-cmake-7.2.3_1: running pre-pkg hook: 04-generate-runtime-deps ...
=> rocm-cmake-7.2.3_1: running pre-pkg hook: 05-generate-32bit-runtime-deps ...
=> rocm-cmake-7.2.3_1: running pre-pkg hook: 06-verify-python-deps ...
=> rocm-cmake-7.2.3_1: running pre-pkg hook: 90-set-timestamps ...
=> rocm-cmake-7.2.3_1: setting mtimes to Tue May 26 02:56:50 AM UTC 2026
=> rocm-cmake-7.2.3_1: running pre-pkg hook: 99-pkglint-subpkgs ...
=> rocm-cmake-7.2.3_1: running pre-pkg hook: 99-pkglint ...
=> rocm-cmake-7.2.3_1: running pre-pkg hook: 999-collected-rdeps ...
=> rocm-cmake-7.2.3_1: running do-pkg hook: 00-gen-pkg ...
=> Creating rocm-cmake-7.2.3_1.x86_64.xbps for repository /host/binpkgs ...
=> rocm-cmake-7.2.3_1: running post-pkg hook: 00-register-pkg ...
=> Registering new packages to /host/binpkgs
index: added `rocm-cmake-7.2.3_1' (x86_64).
index: 9 packages registered.
=> rocm-cmake-7.2.3_1: removing autodeps, please wait...
=> rocm-cmake-7.2.3_1: cleaning build directory...
=> rocm-cmake: removing files from destdir...
