=> xbps-src: updating repositories for host (x86_64)...
[*] Updating repository `https://repo-default.voidlinux.org/current/bootstrap/x86_64-repodata' ...
[*] Updating repository `https://repo-default.voidlinux.org/current/x86_64-repodata' ...
[*] Updating repository `https://repo-default.voidlinux.org/current/nonfree/x86_64-repodata' ...
[*] Updating repository `https://repo-default.voidlinux.org/current/debug/x86_64-repodata' ...
[*] Updating repository `https://repo-default.voidlinux.org/current/multilib/bootstrap/x86_64-repodata' ...
[*] Updating repository `https://repo-default.voidlinux.org/current/multilib/x86_64-repodata' ...
[*] Updating repository `https://repo-default.voidlinux.org/current/multilib/nonfree/x86_64-repodata' ...
=> xbps-src: updating software in / masterdir...
=> xbps-src: cleaning up / masterdir...
=> rocminfo-7.2.3_1: removing autodeps, please wait...
=> rocminfo-7.2.3_1: building with [cmake] for x86_64...
   [host] cmake-4.2.2_2: found (https://repo-default.voidlinux.org/current)
   [host] ninja-1.13.2_2: found (https://repo-default.voidlinux.org/current)
   [host] pkg-config-0.29.2_3: found (https://repo-default.voidlinux.org/current)
   [host] cmake-bootstrap-4.1.2_1: found (https://repo-default.voidlinux.org/current/bootstrap)
   [host] ninja-1.13.2_2: found (https://repo-default.voidlinux.org/current)
   [target] rocr-runtime-7.2.3_1: found (/host/binpkgs)
   [runtime] rocr-runtime-7.2.3_1: found (/host/binpkgs)
=> rocminfo-7.2.3_1: installing host dependencies: cmake-4.2.2_2 ninja-1.13.2_2 pkg-config-0.29.2_3 cmake-bootstrap-4.1.2_1 ninja-1.13.2_2 ...
=> rocminfo-7.2.3_1: installing target dependencies: rocr-runtime-7.2.3_1 ...
=> rocminfo-7.2.3_1: running do-fetch hook: 00-distfiles ...
=> rocminfo-7.2.3_1: running do-extract hook: 00-distfiles ...
=> rocminfo-7.2.3_1: extracting distfile(s), please wait...
=> rocminfo-7.2.3_1: running do-patch hook: 00-patches ...
=> rocminfo-7.2.3_1: running pre-configure hook: 00-gnu-configure-asneeded ...
=> rocminfo-7.2.3_1: running pre-configure hook: 01-override-config ...
=> rocminfo-7.2.3_1: running pre-configure hook: 02-script-wrapper ...
=> rocminfo-7.2.3_1: running do_configure ...
-- The CXX compiler identification is GNU 14.2.1
-- Detecting CXX compiler ABI info
-- Detecting CXX compiler ABI info - done
-- Check for working CXX compiler: /usr/bin/g++ - skipped
-- Detecting CXX compile features
-- Detecting CXX compile features - done
/builddir/rocminfo-7.2.3/cmake_modules/version_util.sh: line 18: git: command not found
/builddir/rocminfo-7.2.3/cmake_modules/version_util.sh: line 22: git: command not found
/builddir/rocminfo-7.2.3/cmake_modules/version_util.sh: line 23: git: command not found
0 were found since previous release
Package version: 1.0.0.0.local_build-0-unknown

Build Configuration:
-----------BuildType: Release
------------Compiler: /usr/bin/g++
-------------Version: 14.2.1
--------Proj Src Dir: /builddir/rocminfo-7.2.3
--------Proj Bld Dir: /builddir/rocminfo-7.2.3/build
--------Proj Lib Dir: /builddir/rocminfo-7.2.3/build/lib
--------Proj Exe Dir: /builddir/rocminfo-7.2.3/build/bin

RESULT_VARIABLE no such file or directory OUTPUT_VARIABLE: 
-- Configuring done (0.2s)
-- Generating done (0.0s)
-- Build files have been written to: /builddir/rocminfo-7.2.3/build
=> rocminfo-7.2.3_1: running pre-build hook: 02-script-wrapper ...
=> rocminfo-7.2.3_1: running do_build ...
[1/2] Building CXX object CMakeFiles/rocminfo.dir/rocminfo.cc.o
[2/2] Linking CXX executable rocminfo
=> rocminfo-7.2.3_1: skipping check (XBPS_CHECK_PKGS is disabled) ...
=> rocminfo-7.2.3_1: running pre-install hook: 00-libdir ...
=> rocminfo-7.2.3_1: running pre-install hook: 02-script-wrapper ...
=> rocminfo-7.2.3_1: running pre-install hook: 98-fixup-gir-path ...
=> rocminfo-7.2.3_1: running do_install ...
[0/1] Install the project...
-- Install configuration: "Release"
-- Installing: /destdir/rocminfo-7.2.3/usr/bin/rocminfo
-- Installing: /destdir/rocminfo-7.2.3/usr/bin/rocm_agent_enumerator
-- Installing: /destdir/rocminfo-7.2.3/usr/share/doc/rocminfo/License.txt
=> rocminfo-7.2.3_1: running post-install hook: 00-compress-info-files ...
=> rocminfo-7.2.3_1: running post-install hook: 00-fixup-gir-path ...
=> rocminfo-7.2.3_1: running post-install hook: 00-libdir ...
=> rocminfo-7.2.3_1: running post-install hook: 00-uncompress-manpages ...
=> rocminfo-7.2.3_1: running post-install hook: 01-remove-misc ...
=> rocminfo-7.2.3_1: running post-install hook: 02-remove-libtool-archives ...
=> rocminfo-7.2.3_1: running post-install hook: 02-remove-perl-files ...
=> rocminfo-7.2.3_1: running post-install hook: 02-remove-python-bytecode-files ...
=> rocminfo-7.2.3_1: running post-install hook: 03-remove-empty-dirs ...
=> WARNING: rocminfo-7.2.3_1: removed empty dir: /usr/lib
=> rocminfo-7.2.3_1: running post-install hook: 04-create-xbps-metadata-scripts ...
=> rocminfo-7.2.3_1: running post-install hook: 05-generate-gitrevs ...
=> rocminfo-7.2.3_1: running post-install hook: 06-strip-and-debug-pkgs ...
   Stripped position-independent executable: /usr/bin/rocminfo
=> rocminfo-7.2.3_1: running post-install hook: 10-pkglint-devel-paths ...
=> rocminfo-7.2.3_1: running post-install hook: 11-pkglint-elf-in-usrshare ...
=> rocminfo-7.2.3_1: running post-install hook: 12-rename-python3-c-bindings ...
=> rocminfo-7.2.3_1: running post-install hook: 13-pkg-config-clean-xbps-cross-base-ref ...
=> rocminfo-7.2.3_1: running post-install hook: 14-fix-permissions ...
=> rocminfo-7.2.3_1: running post-install hook: 15-qt-private-api ...
=> rocminfo-7.2.3_1: running post-install hook: 80-prepare-32bit ...
=> rocminfo-7.2.3_1: running post-install hook: 98-shlib-provides ...
=> rocminfo-7.2.3_1: running post-install hook: 99-pkglint-warn-cross-cruft ...
=> rocminfo-7.2.3_1: running pre-pkg hook: 03-restrict-py3-version ...
=> rocminfo-7.2.3_1: running pre-pkg hook: 03-rewrite-python-shebang ...
   Shebang converted to '#!/usr/bin/python3': /usr/bin/rocm_agent_enumerator
=> rocminfo-7.2.3_1: running pre-pkg hook: 04-generate-provides ...
   cmd:rocm_agent_enumerator-7.2.3_1 cmd:rocminfo-7.2.3_1
=> rocminfo-7.2.3_1: running pre-pkg hook: 04-generate-runtime-deps ...
   SONAME: libc.so.6 <-> glibc>=2.41_1
   SONAME: libgcc_s.so.1 <-> libgcc>=4.4.0_1
   SONAME: libhsa-runtime64.so.1 <-> rocr-runtime>=7.2.3_1
   SONAME: libstdc++.so.6 <-> libstdc++>=4.4.0_1
=> rocminfo-7.2.3_1: running pre-pkg hook: 05-generate-32bit-runtime-deps ...
=> rocminfo-7.2.3_1: running pre-pkg hook: 06-verify-python-deps ...
=> rocminfo-7.2.3_1: running pre-pkg hook: 90-set-timestamps ...
=> rocminfo-7.2.3_1: setting mtimes to Tue May 26 07:50:31 PM UTC 2026
=> rocminfo-7.2.3_1: running pre-pkg hook: 99-pkglint-subpkgs ...
=> rocminfo-7.2.3_1: running pre-pkg hook: 99-pkglint ...
=> rocminfo-7.2.3_1: running pre-pkg hook: 999-collected-rdeps ...
   rocr-runtime>=0 glibc>=2.41_1 libgcc>=4.4.0_1 rocr-runtime>=7.2.3_1 libstdc++>=4.4.0_1 
=> rocminfo-7.2.3_1: running do-pkg hook: 00-gen-pkg ...
=> Creating rocminfo-7.2.3_1.x86_64.xbps for repository /host/binpkgs ...
=> rocminfo-7.2.3_1: running post-pkg hook: 00-register-pkg ...
=> Registering new packages to /host/binpkgs
index: added `rocminfo-7.2.3_1' (x86_64).
index: 9 packages registered.
=> rocminfo-7.2.3_1: removing autodeps, please wait...
=> rocminfo-7.2.3_1: cleaning build directory...
=> rocminfo: removing files from destdir...
